// Vitest Snapshot v1, https://vitest.dev/guide/snapshot.html

exports[`Badge: renders correctly 1`] = `
[
  <h3>
    Heading 
    <span
      className="badge badge-primary"
    >
      Badge
    </span>
  </h3>,
  <span
    className="badge badge-primary"
  >
    Badge
  </span>,
  " ",
  <span
    className="badge badge-primary"
  >
    Badge primary
  </span>,
  " ",
  <span
    className="badge badge-secondary"
  >
    Badge secondary
  </span>,
  " ",
  <span
    className="badge badge-success"
  >
    Badge success
  </span>,
  " ",
  <span
    className="badge badge-danger"
  >
    Badge danger
  </span>,
  " ",
  <span
    className="badge badge-warning"
  >
    Badge warning
  </span>,
  " ",
  <span
    className="badge badge-info"
  >
    Badge info
  </span>,
  " ",
  <span
    className="badge badge-light"
  >
    Badge light
  </span>,
  " ",
  <span
    className="badge badge-dark"
  >
    Badge dark
  </span>,
]
`;

exports[`Button: renders correctly 1`] = `
[
  <button
    aria-label={null}
    className="btn btn-secondary"
    onClick={[Function]}
    type="button"
  >
    Button
  </button>,
  " ",
  <button
    aria-label={null}
    className="btn btn-primary"
    onClick={[Function]}
    title="test title"
    type="button"
  >
    Button with title
  </button>,
  " ",
  <button
    aria-label={null}
    className="btn btn-primary"
    onClick={[Function]}
    type="button"
  >
    Button primary
  </button>,
  " ",
  <button
    aria-label={null}
    className="btn btn-secondary"
    onClick={[Function]}
    type="button"
  >
    Button secondary
  </button>,
  " ",
  <button
    aria-label={null}
    className="btn btn-success"
    onClick={[Function]}
    type="button"
  >
    Button success
  </button>,
  " ",
  <button
    aria-label={null}
    className="btn btn-danger"
    onClick={[Function]}
    type="button"
  >
    Button danger
  </button>,
  " ",
  <button
    aria-label={null}
    className="btn btn-warning"
    onClick={[Function]}
    type="button"
  >
    Button warning
  </button>,
  " ",
  <button
    aria-label={null}
    className="btn btn-info"
    onClick={[Function]}
    type="button"
  >
    Button info
  </button>,
  " ",
  <button
    aria-label={null}
    className="btn btn-light"
    onClick={[Function]}
    type="button"
  >
    Button light
  </button>,
  " ",
  <button
    aria-label={null}
    className="btn btn-dark"
    onClick={[Function]}
    type="button"
  >
    Button dark
  </button>,
  " ",
  " ",
  <button
    aria-label={null}
    className="btn btn-secondary"
    onClick={[Function]}
    type="button"
  >
    Button
  </button>,
  " ",
  <button
    aria-label={null}
    className="my-class btn btn-link"
    onClick={[Function]}
    title="test title"
    type="button"
  >
    Button
  </button>,
]
`;

exports[`FormField: renders correctly 1`] = `
[
  <h2>
    controlled
  </h2>,
  <div
    className="row"
  >
    <div
      className="col"
    >
      <div
        className="form-group"
      >
        <label
          className=""
        >
          type=text
           
        </label>
        <div
          className=""
        >
          <input
            aria-describedby={null}
            autoComplete="off"
            className="form-control"
            name="a"
            onChange={[Function]}
            required={true}
            type="text"
            value="some text"
          />
           
        </div>
      </div>
      <div
        className="form-group"
      >
        <label
          className=""
        >
          type=text-static
           
        </label>
        <div
          className=""
        >
          <span
            className="form-control-plaintext"
            required={true}
          >
            some static text
          </span>
           
        </div>
      </div>
      <div
        className="form-group"
      >
        <label
          className=""
        >
          type=textarea
           
        </label>
        <div
          className=""
        >
          <textarea
            aria-describedby={null}
            autoComplete="off"
            className="form-control"
            name="c"
            onChange={[Function]}
            required={true}
            rows={3}
            type={null}
            value="some text"
          />
           
        </div>
      </div>
    </div>
    <div
      className="col"
    >
      <div
        className="form-group"
      >
        <label
          className=""
        >
          type=number
           
        </label>
        <div
          className=""
        >
          <input
            aria-describedby={null}
            autoComplete="off"
            className="form-control"
            name="d"
            onChange={[Function]}
            required={true}
            type="number"
            value="23.42"
          />
           
        </div>
      </div>
      <div
        className="form-group"
      >
        <label
          className=""
        >
          type=number-integer
           
        </label>
        <div
          className=""
        >
          <input
            aria-describedby={null}
            autoComplete="off"
            className="form-control"
            min={0}
            name="e"
            onChange={[Function]}
            required={true}
            step={1}
            type="number"
            value="42"
          />
           
        </div>
      </div>
      <div
        className="form-group"
      >
        <label
          className=""
        >
          type=checkbox
           
        </label>
        <div
          className=""
        >
          <div
            className="custom-control custom-checkbox"
          >
            <input
              aria-describedby={null}
              autoComplete="off"
              className="custom-control-input"
              id="example_formfield_f"
              name="f"
              onChange={[Function]}
              required={true}
              type="checkbox"
              value=""
            />
            <label
              className="custom-control-label"
              htmlFor="example_formfield_f"
            />
          </div>
           
        </div>
      </div>
      <div
        className="form-group"
      >
        <label
          className=""
        >
          type=checkbox
           
        </label>
        <div
          className=""
        >
          <div
            className="custom-control custom-checkbox"
          >
            <input
              aria-describedby={null}
              autoComplete="off"
              className="custom-control-input"
              id="example_formfield_g"
              name="g"
              onChange={[Function]}
              required={true}
              type="checkbox"
              value=""
            />
            <label
              className="custom-control-label"
              htmlFor="example_formfield_g"
            />
          </div>
           
        </div>
      </div>
      <hr />
      <div
        className="form-group"
      >
        <label
          className=""
        >
          ButtonRadio Radio Button
           
        </label>
        <div
          className=""
        >
          <div
            className="ui-btn-radio btn-group btn-group-toggle d-flex ui-btn-radio-state-invalid"
            label="<ButtonRadio/>"
            role="radiogroup"
          >
            <label
              className="btn btn-block btn-outline-secondary m-0 text-left font-weight-bold"
              htmlFor="example_formfield_h_radio_0"
              tabIndex="-1"
            >
              <input
                aria-checked={false}
                checked={false}
                className="sr-only mt-4 ml-2"
                id="example_formfield_h_radio_0"
                name="h"
                onChange={[Function]}
                onClick={[Function]}
                required={true}
                tabIndex={0}
                type="radio"
                value="one"
              />
              <svg
                aria-hidden="true"
                className="svg-inline--fa fa-circle fa-w-16 mr-2"
                data-icon="circle"
                data-prefix="far"
                focusable="false"
                role="img"
                style={{}}
                viewBox="0 0 512 512"
                xmlns="http://www.w3.org/2000/svg"
              >
                <path
                  d="M256 8C119 8 8 119 8 256s111 248 248 248 248-111 248-248S393 8 256 8zm0 448c-110.5 0-200-89.5-200-200S145.5 56 256 56s200 89.5 200 200-89.5 200-200 200z"
                  fill="currentColor"
                  style={{}}
                />
              </svg>
              Eins
            </label>
            <label
              className="btn btn-block btn-outline-secondary m-0 text-left font-weight-bold border-left-0"
              htmlFor="example_formfield_h_radio_1"
              tabIndex="-1"
            >
              <input
                aria-checked={false}
                checked={false}
                className="sr-only mt-4 ml-2"
                id="example_formfield_h_radio_1"
                name="h"
                onChange={[Function]}
                onClick={[Function]}
                required={true}
                tabIndex={-1}
                type="radio"
                value="two"
              />
              <svg
                aria-hidden="true"
                className="svg-inline--fa fa-circle fa-w-16 mr-2"
                data-icon="circle"
                data-prefix="far"
                focusable="false"
                role="img"
                style={{}}
                viewBox="0 0 512 512"
                xmlns="http://www.w3.org/2000/svg"
              >
                <path
                  d="M256 8C119 8 8 119 8 256s111 248 248 248 248-111 248-248S393 8 256 8zm0 448c-110.5 0-200-89.5-200-200S145.5 56 256 56s200 89.5 200 200-89.5 200-200 200z"
                  fill="currentColor"
                  style={{}}
                />
              </svg>
              Zwei
            </label>
          </div>
           
        </div>
      </div>
    </div>
    <div
      className="col"
    >
      <pre>
        {
  "a": "some text",
  "b": "some static text",
  "c": "some text",
  "d": "23.42",
  "e": "42",
  "f": true,
  "g": null,
  "h": null
}
      </pre>
    </div>
  </div>,
  <h2>
    controlled, with validation styles
  </h2>,
  <div
    className="was-validated"
  >
    <div
      className="row"
    >
      <div
        className="col"
      >
        <div
          className="form-group"
        >
          <label
            className=""
          >
            type=text
             
          </label>
          <div
            className=""
          >
            <input
              aria-describedby={null}
              autoComplete="off"
              className="form-control"
              name="a"
              onChange={[Function]}
              required={true}
              type="text"
              value="some text"
            />
             
          </div>
        </div>
        <div
          className="form-group"
        >
          <label
            className=""
          >
            type=text-static
             
          </label>
          <div
            className=""
          >
            <span
              className="form-control-plaintext"
              required={true}
            >
              some static text
            </span>
             
          </div>
        </div>
        <div
          className="form-group"
        >
          <label
            className=""
          >
            type=textarea
             
          </label>
          <div
            className=""
          >
            <textarea
              aria-describedby={null}
              autoComplete="off"
              className="form-control"
              name="c"
              onChange={[Function]}
              required={true}
              rows={3}
              type={null}
              value="some text"
            />
             
          </div>
        </div>
      </div>
      <div
        className="col"
      >
        <div
          className="form-group"
        >
          <label
            className=""
          >
            type=number
             
          </label>
          <div
            className=""
          >
            <input
              aria-describedby={null}
              autoComplete="off"
              className="form-control"
              name="d"
              onChange={[Function]}
              required={true}
              type="number"
              value="23.42"
            />
             
          </div>
        </div>
        <div
          className="form-group"
        >
          <label
            className=""
          >
            type=number-integer
             
          </label>
          <div
            className=""
          >
            <input
              aria-describedby={null}
              autoComplete="off"
              className="form-control"
              min={0}
              name="e"
              onChange={[Function]}
              required={true}
              step={1}
              type="number"
              value="42"
            />
             
          </div>
        </div>
        <div
          className="form-group"
        >
          <label
            className=""
          >
            type=checkbox
             
          </label>
          <div
            className=""
          >
            <div
              className="custom-control custom-checkbox"
            >
              <input
                aria-describedby={null}
                autoComplete="off"
                className="custom-control-input"
                id="example_formfield_f"
                name="f"
                onChange={[Function]}
                required={true}
                type="checkbox"
                value=""
              />
              <label
                className="custom-control-label"
                htmlFor="example_formfield_f"
              />
            </div>
             
          </div>
        </div>
        <div
          className="form-group"
        >
          <label
            className=""
          >
            type=checkbox
             
          </label>
          <div
            className=""
          >
            <div
              className="custom-control custom-checkbox"
            >
              <input
                aria-describedby={null}
                autoComplete="off"
                className="custom-control-input"
                id="example_formfield_g"
                name="g"
                onChange={[Function]}
                required={true}
                type="checkbox"
                value=""
              />
              <label
                className="custom-control-label"
                htmlFor="example_formfield_g"
              />
            </div>
             
          </div>
        </div>
        <hr />
        <div
          className="form-group"
        >
          <label
            className=""
          >
            ButtonRadio Radio Button
             
          </label>
          <div
            className=""
          >
            <div
              className="ui-btn-radio btn-group btn-group-toggle d-flex ui-btn-radio-state-invalid"
              label="<ButtonRadio/>"
              role="radiogroup"
            >
              <label
                className="btn btn-block btn-outline-secondary m-0 text-left font-weight-bold"
                htmlFor="example_formfield_h_radio_0"
                tabIndex="-1"
              >
                <input
                  aria-checked={false}
                  checked={false}
                  className="sr-only mt-4 ml-2"
                  id="example_formfield_h_radio_0"
                  name="h"
                  onChange={[Function]}
                  onClick={[Function]}
                  required={true}
                  tabIndex={0}
                  type="radio"
                  value="one"
                />
                <svg
                  aria-hidden="true"
                  className="svg-inline--fa fa-circle fa-w-16 mr-2"
                  data-icon="circle"
                  data-prefix="far"
                  focusable="false"
                  role="img"
                  style={{}}
                  viewBox="0 0 512 512"
                  xmlns="http://www.w3.org/2000/svg"
                >
                  <path
                    d="M256 8C119 8 8 119 8 256s111 248 248 248 248-111 248-248S393 8 256 8zm0 448c-110.5 0-200-89.5-200-200S145.5 56 256 56s200 89.5 200 200-89.5 200-200 200z"
                    fill="currentColor"
                    style={{}}
                  />
                </svg>
                Eins
              </label>
              <label
                className="btn btn-block btn-outline-secondary m-0 text-left font-weight-bold border-left-0"
                htmlFor="example_formfield_h_radio_1"
                tabIndex="-1"
              >
                <input
                  aria-checked={false}
                  checked={false}
                  className="sr-only mt-4 ml-2"
                  id="example_formfield_h_radio_1"
                  name="h"
                  onChange={[Function]}
                  onClick={[Function]}
                  required={true}
                  tabIndex={-1}
                  type="radio"
                  value="two"
                />
                <svg
                  aria-hidden="true"
                  className="svg-inline--fa fa-circle fa-w-16 mr-2"
                  data-icon="circle"
                  data-prefix="far"
                  focusable="false"
                  role="img"
                  style={{}}
                  viewBox="0 0 512 512"
                  xmlns="http://www.w3.org/2000/svg"
                >
                  <path
                    d="M256 8C119 8 8 119 8 256s111 248 248 248 248-111 248-248S393 8 256 8zm0 448c-110.5 0-200-89.5-200-200S145.5 56 256 56s200 89.5 200 200-89.5 200-200 200z"
                    fill="currentColor"
                    style={{}}
                  />
                </svg>
                Zwei
              </label>
            </div>
             
          </div>
        </div>
      </div>
      <div
        className="col"
      >
        <pre>
          {
  "a": "some text",
  "b": "some static text",
  "c": "some text",
  "d": "23.42",
  "e": "42",
  "f": true,
  "g": null,
  "h": null
}
        </pre>
      </div>
    </div>
  </div>,
]
`;
